Format: JSON
{
	"args": {},
	"data": "",
	"files": {},
	"form": {
		"VfL Bochum 1848": ""
	},
	"headers": {
		"Accept": "*/*",
		"Content-Length": "15",
		"Content-Type": "application/x-www-form-urlencoded",
		"Host": "httpbin.org",
		"X-Amzn-Trace-Id": "Root=1-5e6120be-8208406083ebbc88e5e6ecc0"
	},
	"json": null,
	"origin": "94.114.3.142",
	"url": "https://httpbin.org/post"
}
