(
    "-1849",
    "1.848e+11",
    1,
    0,
    NSNull,
    {
        key = value;
    }
)
