(
    "-1849",
    184800000000,
    1,
    0,
    NSNull,
    {
        key = value;
    }
)
