0: [
   -1849,
   18.48e+10,
   true,
   false,
   null,
   truex
]
1: -1849
2: 18.48e+10
3: true
4: false
5: null
6: truex
