0: [
   1848,
   {
      "key": true
   }
]
1: 1848
2: {
      "key": true
   }
3: key
4: true
